<?xml version="1.0"?>
<link_info>
   <banner>TI ARM Linker PC v15.12.3.LTS</banner>
   <copyright>Copyright (c) 1996-2015 Texas Instruments Incorporated</copyright>
   <link_time>0x58e7c3a6</link_time>
   <link_errors>0x0</link_errors>
   <output_file>ov2640_3_2_17.out</output_file>
   <entry_point>
      <name>_c_int00</name>
      <address>0x1599</address>
   </entry_point>
   <input_file_list>
      <input_file id="fl-2">
         <path>.\</path>
         <kind>object</kind>
         <file>i2c_driver.obj</file>
         <name>i2c_driver.obj</name>
      </input_file>
      <input_file id="fl-3">
         <path>.\</path>
         <kind>object</kind>
         <file>main.obj</file>
         <name>main.obj</name>
      </input_file>
      <input_file id="fl-4">
         <path>.\</path>
         <kind>object</kind>
         <file>ov2640_driver.obj</file>
         <name>ov2640_driver.obj</name>
      </input_file>
      <input_file id="fl-5">
         <path>.\</path>
         <kind>object</kind>
         <file>spi_driver.obj</file>
         <name>spi_driver.obj</name>
      </input_file>
      <input_file id="fl-6">
         <path>.\</path>
         <kind>object</kind>
         <file>startup_msp432p401r_ccs.obj</file>
         <name>startup_msp432p401r_ccs.obj</name>
      </input_file>
      <input_file id="fl-7">
         <path>.\</path>
         <kind>object</kind>
         <file>system_msp432p401r.obj</file>
         <name>system_msp432p401r.obj</name>
      </input_file>
      <input_file id="fl-8">
         <path>.\</path>
         <kind>object</kind>
         <file>xbee_driver.obj</file>
         <name>xbee_driver.obj</name>
      </input_file>
      <input_file id="fl-e">
         <path>C:\ti\tirex-content\msp\msp432ware__3.50.00.02\driverlib\driverlib\MSP432P4xx\ccs\</path>
         <kind>archive</kind>
         <file>msp432p4xx_driverlib.lib</file>
         <name>cs.o</name>
      </input_file>
      <input_file id="fl-f">
         <path>C:\ti\tirex-content\msp\msp432ware__3.50.00.02\driverlib\driverlib\MSP432P4xx\ccs\</path>
         <kind>archive</kind>
         <file>msp432p4xx_driverlib.lib</file>
         <name>gpio.o</name>
      </input_file>
      <input_file id="fl-10">
         <path>C:\ti\tirex-content\msp\msp432ware__3.50.00.02\driverlib\driverlib\MSP432P4xx\ccs\</path>
         <kind>archive</kind>
         <file>msp432p4xx_driverlib.lib</file>
         <name>interrupt.o</name>
      </input_file>
      <input_file id="fl-11">
         <path>C:\ti\tirex-content\msp\msp432ware__3.50.00.02\driverlib\driverlib\MSP432P4xx\ccs\</path>
         <kind>archive</kind>
         <file>msp432p4xx_driverlib.lib</file>
         <name>spi.o</name>
      </input_file>
      <input_file id="fl-12">
         <path>C:\ti\tirex-content\msp\msp432ware__3.50.00.02\driverlib\driverlib\MSP432P4xx\ccs\</path>
         <kind>archive</kind>
         <file>msp432p4xx_driverlib.lib</file>
         <name>sysctl.o</name>
      </input_file>
      <input_file id="fl-13">
         <path>C:\ti\tirex-content\msp\msp432ware__3.50.00.02\driverlib\driverlib\MSP432P4xx\ccs\</path>
         <kind>archive</kind>
         <file>msp432p4xx_driverlib.lib</file>
         <name>cpu.o</name>
      </input_file>
      <input_file id="fl-c9">
         <path>C:\ti\ccsv6\tools\compiler\arm_15.12.3.LTS\lib\</path>
         <kind>archive</kind>
         <file>rtsv7M4_T_le_v4SPD16_eabi.lib</file>
         <name>boot.obj</name>
      </input_file>
      <input_file id="fl-ca">
         <path>C:\ti\ccsv6\tools\compiler\arm_15.12.3.LTS\lib\</path>
         <kind>archive</kind>
         <file>rtsv7M4_T_le_v4SPD16_eabi.lib</file>
         <name>copy_decompress_none.obj</name>
      </input_file>
      <input_file id="fl-cb">
         <path>C:\ti\ccsv6\tools\compiler\arm_15.12.3.LTS\lib\</path>
         <kind>archive</kind>
         <file>rtsv7M4_T_le_v4SPD16_eabi.lib</file>
         <name>copy_decompress_rle.obj</name>
      </input_file>
      <input_file id="fl-cc">
         <path>C:\ti\ccsv6\tools\compiler\arm_15.12.3.LTS\lib\</path>
         <kind>archive</kind>
         <file>rtsv7M4_T_le_v4SPD16_eabi.lib</file>
         <name>copy_zero_init.obj</name>
      </input_file>
      <input_file id="fl-cd">
         <path>C:\ti\ccsv6\tools\compiler\arm_15.12.3.LTS\lib\</path>
         <kind>archive</kind>
         <file>rtsv7M4_T_le_v4SPD16_eabi.lib</file>
         <name>exit.obj</name>
      </input_file>
      <input_file id="fl-ce">
         <path>C:\ti\ccsv6\tools\compiler\arm_15.12.3.LTS\lib\</path>
         <kind>archive</kind>
         <file>rtsv7M4_T_le_v4SPD16_eabi.lib</file>
         <name>memcpy_t2.obj</name>
      </input_file>
      <input_file id="fl-cf">
         <path>C:\ti\ccsv6\tools\compiler\arm_15.12.3.LTS\lib\</path>
         <kind>archive</kind>
         <file>rtsv7M4_T_le_v4SPD16_eabi.lib</file>
         <name>memset_t2.obj</name>
      </input_file>
      <input_file id="fl-d0">
         <path>C:\ti\ccsv6\tools\compiler\arm_15.12.3.LTS\lib\</path>
         <kind>archive</kind>
         <file>rtsv7M4_T_le_v4SPD16_eabi.lib</file>
         <name>mpu_init.obj</name>
      </input_file>
      <input_file id="fl-d1">
         <path>C:\ti\ccsv6\tools\compiler\arm_15.12.3.LTS\lib\</path>
         <kind>archive</kind>
         <file>rtsv7M4_T_le_v4SPD16_eabi.lib</file>
         <name>pre_init.obj</name>
      </input_file>
      <input_file id="fl-d2">
         <path>C:\ti\ccsv6\tools\compiler\arm_15.12.3.LTS\lib\</path>
         <kind>archive</kind>
         <file>rtsv7M4_T_le_v4SPD16_eabi.lib</file>
         <name>stkdepth_vars.obj</name>
      </input_file>
      <input_file id="fl-d3">
         <path>C:\ti\ccsv6\tools\compiler\arm_15.12.3.LTS\lib\</path>
         <kind>archive</kind>
         <file>rtsv7M4_T_le_v4SPD16_eabi.lib</file>
         <name>_lock.obj</name>
      </input_file>
      <input_file id="fl-d4">
         <path>C:\ti\ccsv6\tools\compiler\arm_15.12.3.LTS\lib\</path>
         <kind>archive</kind>
         <file>rtsv7M4_T_le_v4SPD16_eabi.lib</file>
         <name>args_main.obj</name>
      </input_file>
      <input_file id="fl-d5">
         <path>C:\ti\ccsv6\tools\compiler\arm_15.12.3.LTS\lib\</path>
         <kind>archive</kind>
         <file>rtsv7M4_T_le_v4SPD16_eabi.lib</file>
         <name>autoinit.obj</name>
      </input_file>
      <input_file id="fl-d6">
         <path>C:\ti\ccsv6\tools\compiler\arm_15.12.3.LTS\lib\</path>
         <kind>archive</kind>
         <file>rtsv7M4_T_le_v4SPD16_eabi.lib</file>
         <name>cpy_tbl.obj</name>
      </input_file>
      <input_file id="fl-d7">
         <path>C:\ti\ccsv6\tools\compiler\arm_15.12.3.LTS\lib\</path>
         <kind>archive</kind>
         <file>rtsv7M4_T_le_v4SPD16_eabi.lib</file>
         <name>startup.obj</name>
      </input_file>
   </input_file_list>
   <object_component_list>
      <object_component id="oc-28">
         <name>.intvecs:retain</name>
         <load_address>0x0</load_address>
         <run_address>0x0</run_address>
         <size>0x140</size>
         <input_file_ref idref="fl-6"/>
      </object_component>
      <object_component id="oc-7f">
         <name>.text</name>
         <load_address>0x140</load_address>
         <run_address>0x140</run_address>
         <size>0x490</size>
         <input_file_ref idref="fl-2"/>
      </object_component>
      <object_component id="oc-79">
         <name>.text</name>
         <load_address>0x5d0</load_address>
         <run_address>0x5d0</run_address>
         <size>0x3c8</size>
         <input_file_ref idref="fl-8"/>
      </object_component>
      <object_component id="oc-c3">
         <name>.text</name>
         <load_address>0x998</load_address>
         <run_address>0x998</run_address>
         <size>0x328</size>
         <input_file_ref idref="fl-7"/>
      </object_component>
      <object_component id="oc-85">
         <name>.text</name>
         <load_address>0xcc0</load_address>
         <run_address>0xcc0</run_address>
         <size>0x2f0</size>
         <input_file_ref idref="fl-3"/>
      </object_component>
      <object_component id="oc-109">
         <name>.text</name>
         <load_address>0xfb0</load_address>
         <run_address>0xfb0</run_address>
         <size>0x130</size>
         <input_file_ref idref="fl-5"/>
      </object_component>
      <object_component id="oc-1db">
         <name>.text:CS_getDCOFrequency</name>
         <load_address>0x10e0</load_address>
         <run_address>0x10e0</run_address>
         <size>0x104</size>
         <input_file_ref idref="fl-e"/>
      </object_component>
      <object_component id="oc-17e">
         <name>.text:CS_startLFXTWithTimeout</name>
         <load_address>0x11e4</load_address>
         <run_address>0x11e4</run_address>
         <size>0x9c</size>
         <input_file_ref idref="fl-e"/>
      </object_component>
      <object_component id="oc-162">
         <name>.text:_CSComputeCLKFrequency</name>
         <load_address>0x1280</load_address>
         <run_address>0x1280</run_address>
         <size>0x9c</size>
         <input_file_ref idref="fl-e"/>
      </object_component>
      <object_component id="oc-2c">
         <name>.text</name>
         <load_address>0x131c</load_address>
         <run_address>0x131c</run_address>
         <size>0x9c</size>
         <input_file_ref idref="fl-ce"/>
      </object_component>
      <object_component id="oc-197">
         <name>.text:SPI_initMaster</name>
         <load_address>0x13b8</load_address>
         <run_address>0x13b8</run_address>
         <size>0x88</size>
         <input_file_ref idref="fl-11"/>
      </object_component>
      <object_component id="oc-45">
         <name>.text</name>
         <load_address>0x1440</load_address>
         <run_address>0x1440</run_address>
         <size>0x7a</size>
         <input_file_ref idref="fl-cf"/>
      </object_component>
      <object_component id="oc-51">
         <name>.text</name>
         <load_address>0x14ba</load_address>
         <run_address>0x14ba</run_address>
         <size>0x2</size>
         <input_file_ref idref="fl-d0"/>
      </object_component>
      <object_component id="oc-5d">
         <name>.text</name>
         <load_address>0x14bc</load_address>
         <run_address>0x14bc</run_address>
         <size>0x70</size>
         <input_file_ref idref="fl-d5"/>
      </object_component>
      <object_component id="oc-38">
         <name>.text</name>
         <load_address>0x152c</load_address>
         <run_address>0x152c</run_address>
         <size>0x6a</size>
         <input_file_ref idref="fl-cb"/>
      </object_component>
      <object_component id="oc-ae">
         <name>.text</name>
         <load_address>0x1596</load_address>
         <run_address>0x1596</run_address>
         <size>0x2</size>
         <input_file_ref idref="fl-d7"/>
      </object_component>
      <object_component id="oc-22">
         <name>.text</name>
         <load_address>0x1598</load_address>
         <run_address>0x1598</run_address>
         <size>0x54</size>
         <input_file_ref idref="fl-c9"/>
      </object_component>
      <object_component id="oc-69">
         <name>.text</name>
         <load_address>0x15ec</load_address>
         <run_address>0x15ec</run_address>
         <size>0x54</size>
         <input_file_ref idref="fl-cd"/>
      </object_component>
      <object_component id="oc-229">
         <name>.text:SysCtl_getTLVInfo</name>
         <load_address>0x1640</load_address>
         <run_address>0x1640</run_address>
         <size>0x50</size>
         <input_file_ref idref="fl-12"/>
      </object_component>
      <object_component id="oc-f0">
         <name>.text:GPIO_setAsPeripheralModuleFunctionOutputPin</name>
         <load_address>0x1690</load_address>
         <run_address>0x1690</run_address>
         <size>0x4c</size>
         <input_file_ref idref="fl-f"/>
      </object_component>
      <object_component id="oc-223">
         <name>.text:_CSGetDOCFrequency</name>
         <load_address>0x16dc</load_address>
         <run_address>0x16dc</run_address>
         <size>0x4c</size>
         <input_file_ref idref="fl-e"/>
      </object_component>
      <object_component id="oc-a8">
         <name>.text</name>
         <load_address>0x1728</load_address>
         <run_address>0x1728</run_address>
         <size>0x4c</size>
         <input_file_ref idref="fl-d6"/>
      </object_component>
      <object_component id="oc-185">
         <name>.text:GPIO_setAsPeripheralModuleFunctionInputPin</name>
         <load_address>0x1774</load_address>
         <run_address>0x1774</run_address>
         <size>0x48</size>
         <input_file_ref idref="fl-f"/>
      </object_component>
      <object_component id="oc-1d5">
         <name>.text:_CSGetDividerValue</name>
         <load_address>0x17bc</load_address>
         <run_address>0x17bc</run_address>
         <size>0x48</size>
         <input_file_ref idref="fl-e"/>
      </object_component>
      <object_component id="oc-204">
         <name>.text:is_A_Module</name>
         <load_address>0x1804</load_address>
         <run_address>0x1804</run_address>
         <size>0x30</size>
         <input_file_ref idref="fl-11"/>
      </object_component>
      <object_component id="oc-1e1">
         <name>.text:CS_clearInterruptFlag</name>
         <load_address>0x1834</load_address>
         <run_address>0x1834</run_address>
         <size>0x24</size>
         <input_file_ref idref="fl-e"/>
      </object_component>
      <object_component id="oc-ca">
         <name>.text:CS_setDCOCenteredFrequency</name>
         <load_address>0x1858</load_address>
         <run_address>0x1858</run_address>
         <size>0x24</size>
         <input_file_ref idref="fl-e"/>
      </object_component>
      <object_component id="oc-191">
         <name>.text:GPIO_setAsOutputPin</name>
         <load_address>0x187c</load_address>
         <run_address>0x187c</run_address>
         <size>0x24</size>
         <input_file_ref idref="fl-f"/>
      </object_component>
      <object_component id="oc-19d">
         <name>.text:SPI_enableModule</name>
         <load_address>0x18a0</load_address>
         <run_address>0x18a0</run_address>
         <size>0x1a</size>
         <input_file_ref idref="fl-11"/>
      </object_component>
      <object_component id="oc-ea">
         <name>.text:CS_getSMCLK</name>
         <load_address>0x18bc</load_address>
         <run_address>0x18bc</run_address>
         <size>0x18</size>
         <input_file_ref idref="fl-e"/>
      </object_component>
      <object_component id="oc-18b">
         <name>.text:GPIO_setOutputLowOnPin</name>
         <load_address>0x18d4</load_address>
         <run_address>0x18d4</run_address>
         <size>0x18</size>
         <input_file_ref idref="fl-f"/>
      </object_component>
      <object_component id="oc-63">
         <name>.text</name>
         <load_address>0x18ec</load_address>
         <run_address>0x18ec</run_address>
         <size>0x18</size>
         <input_file_ref idref="fl-d4"/>
      </object_component>
      <object_component id="oc-13a">
         <name>.text</name>
         <load_address>0x1904</load_address>
         <run_address>0x1904</run_address>
         <size>0x14</size>
         <input_file_ref idref="fl-d3"/>
      </object_component>
      <object_component id="oc-73">
         <name>.text</name>
         <load_address>0x1918</load_address>
         <run_address>0x1918</run_address>
         <size>0x12</size>
         <input_file_ref idref="fl-6"/>
      </object_component>
      <object_component id="oc-1f4">
         <name>.text:SysCtl_disableNMISource</name>
         <load_address>0x192c</load_address>
         <run_address>0x192c</run_address>
         <size>0x10</size>
         <input_file_ref idref="fl-12"/>
      </object_component>
      <object_component id="oc-1fa">
         <name>.text:SysCtl_enableNMISource</name>
         <load_address>0x193c</load_address>
         <run_address>0x193c</run_address>
         <size>0x10</size>
         <input_file_ref idref="fl-12"/>
      </object_component>
      <object_component id="oc-10">
         <name>.text:decompress:none</name>
         <load_address>0x194c</load_address>
         <run_address>0x194c</run_address>
         <size>0xe</size>
         <input_file_ref idref="fl-ca"/>
      </object_component>
      <object_component id="oc-212">
         <name>.text:EUSCI_A_SPI_enable</name>
         <load_address>0x195a</load_address>
         <run_address>0x195a</run_address>
         <size>0xc</size>
         <input_file_ref idref="fl-11"/>
      </object_component>
      <object_component id="oc-20c">
         <name>.text:EUSCI_B_SPI_enable</name>
         <load_address>0x1966</load_address>
         <run_address>0x1966</run_address>
         <size>0xc</size>
         <input_file_ref idref="fl-11"/>
      </object_component>
      <object_component id="oc-1ee">
         <name>.text:SysCtl_getNMISourceStatus</name>
         <load_address>0x1974</load_address>
         <run_address>0x1974</run_address>
         <size>0xc</size>
         <input_file_ref idref="fl-12"/>
      </object_component>
      <object_component id="oc-103">
         <name>.text:CS_startLFXT</name>
         <load_address>0x1980</load_address>
         <run_address>0x1980</run_address>
         <size>0x6</size>
         <input_file_ref idref="fl-e"/>
      </object_component>
      <object_component id="oc-16">
         <name>.text:decompress:rle24</name>
         <load_address>0x1986</load_address>
         <run_address>0x1986</run_address>
         <size>0x6</size>
         <input_file_ref idref="fl-cb"/>
      </object_component>
      <object_component id="oc-57">
         <name>.text</name>
         <load_address>0x198c</load_address>
         <run_address>0x198c</run_address>
         <size>0x4</size>
         <input_file_ref idref="fl-d1"/>
      </object_component>
      <object_component id="oc-1b8">
         <name>.const:.string</name>
         <load_address>0x1990</load_address>
         <run_address>0x1990</run_address>
         <size>0x62</size>
         <input_file_ref idref="fl-3"/>
      </object_component>
      <object_component id="oc-d4">
         <name>.const:uartConfig</name>
         <load_address>0x19f4</load_address>
         <run_address>0x19f4</run_address>
         <size>0x24</size>
         <input_file_ref idref="fl-8"/>
      </object_component>
      <object_component id="oc-d7">
         <name>.const:uartConfig_image</name>
         <load_address>0x1a18</load_address>
         <run_address>0x1a18</run_address>
         <size>0x24</size>
         <input_file_ref idref="fl-8"/>
      </object_component>
      <object_component id="oc-119">
         <name>.const:DH_CMD</name>
         <load_address>0x1a3c</load_address>
         <run_address>0x1a3c</run_address>
         <size>0x10</size>
         <input_file_ref idref="fl-3"/>
      </object_component>
      <object_component id="oc-116">
         <name>.const:.string:$P$T0$1</name>
         <load_address>0x1a4c</load_address>
         <run_address>0x1a4c</run_address>
         <size>0x4</size>
         <input_file_ref idref="fl-3"/>
      </object_component>
      <object_component id="oc-260">
         <name>.cinit..data.load</name>
         <load_address>0x1a50</load_address>
         <run_address>0x1a50</run_address>
         <size>0x68</size>
      </object_component>
      <object_component id="oc-261">
         <name>.cinit..bss.load</name>
         <load_address>0x1ab8</load_address>
         <run_address>0x1ab8</run_address>
         <size>0xb</size>
      </object_component>
      <object_component id="oc-25e">
         <name>__TI_handler_table</name>
         <load_address>0x1ac4</load_address>
         <run_address>0x1ac4</run_address>
         <size>0x8</size>
      </object_component>
      <object_component id="oc-25f">
         <name>__TI_cinit_table</name>
         <load_address>0x1acc</load_address>
         <run_address>0x1acc</run_address>
         <size>0x10</size>
      </object_component>
      <object_component id="oc-fe">
         <name>.data</name>
         <load_address>0x2000f060</load_address>
         <run_address>0x2000f060</run_address>
         <size>0xe</size>
         <input_file_ref idref="fl-2"/>
      </object_component>
      <object_component id="oc-f6">
         <name>.data:i2cConfig</name>
         <load_address>0x2000f04c</load_address>
         <run_address>0x2000f04c</run_address>
         <size>0x14</size>
         <input_file_ref idref="fl-2"/>
      </object_component>
      <object_component id="oc-11c">
         <name>.data</name>
         <load_address>0x2000f06e</load_address>
         <run_address>0x2000f06e</run_address>
         <size>0x1</size>
         <input_file_ref idref="fl-3"/>
      </object_component>
      <object_component id="oc-1a3">
         <name>.data:spiConfig</name>
         <load_address>0x2000f030</load_address>
         <run_address>0x2000f030</run_address>
         <size>0x1c</size>
         <input_file_ref idref="fl-5"/>
      </object_component>
      <object_component id="oc-146">
         <name>.data</name>
         <load_address>0x2000f088</load_address>
         <run_address>0x2000f088</run_address>
         <size>0x4</size>
         <input_file_ref idref="fl-7"/>
      </object_component>
      <object_component id="oc-169">
         <name>.data:GPIO_PORT_TO_BASE</name>
         <load_address>0x2000f000</load_address>
         <run_address>0x2000f000</run_address>
         <size>0x30</size>
         <input_file_ref idref="fl-f"/>
      </object_component>
      <object_component id="oc-b8">
         <name>.data:$O1$$</name>
         <load_address>0x2000f070</load_address>
         <run_address>0x2000f070</run_address>
         <size>0xc</size>
         <input_file_ref idref="fl-cd"/>
      </object_component>
      <object_component id="oc-6f">
         <name>.data</name>
         <load_address>0x2000f084</load_address>
         <run_address>0x2000f084</run_address>
         <size>0x4</size>
         <input_file_ref idref="fl-d2"/>
      </object_component>
      <object_component id="oc-bb">
         <name>.data:$O1$$</name>
         <load_address>0x2000f07c</load_address>
         <run_address>0x2000f07c</run_address>
         <size>0x8</size>
         <input_file_ref idref="fl-d3"/>
      </object_component>
      <object_component id="oc-fc">
         <name>.common:ui8Status</name>
         <uninitialized>true</uninitialized>
         <run_address>0x2000eb69</run_address>
         <size>0x1</size>
      </object_component>
      <object_component id="oc-f9">
         <name>.common:pData</name>
         <uninitialized>true</uninitialized>
         <run_address>0x2000eb64</run_address>
         <size>0x4</size>
      </object_component>
      <object_component id="oc-101">
         <name>.common:ui8DummyRead</name>
         <uninitialized>true</uninitialized>
         <run_address>0x2000eb68</run_address>
         <size>0x1</size>
      </object_component>
      <object_component id="oc-fd">
         <name>.common:g_ui32ByteCount</name>
         <uninitialized>true</uninitialized>
         <run_address>0x2000eb58</run_address>
         <size>0x4</size>
      </object_component>
      <object_component id="oc-112">
         <name>.common:x_coord</name>
         <uninitialized>true</uninitialized>
         <run_address>0x2000eb28</run_address>
         <size>0x18</size>
      </object_component>
      <object_component id="oc-115">
         <name>.common:y_coord</name>
         <uninitialized>true</uninitialized>
         <run_address>0x2000eb40</run_address>
         <size>0x18</size>
      </object_component>
      <object_component id="oc-10f">
         <name>.common:image_buffer</name>
         <uninitialized>true</uninitialized>
         <run_address>0x20000000</run_address>
         <size>0xea60</size>
      </object_component>
      <object_component id="oc-d3">
         <name>.common:controlTable</name>
         <uninitialized>true</uninitialized>
         <run_address>0x2000ec00</run_address>
         <size>0x400</size>
      </object_component>
      <object_component id="oc-d0">
         <name>.common:RXBuffer</name>
         <uninitialized>true</uninitialized>
         <run_address>0x2000ea60</run_address>
         <size>0xc8</size>
      </object_component>
      <object_component id="oc-1e7">
         <name>.common:hfxtFreq</name>
         <uninitialized>true</uninitialized>
         <run_address>0x2000eb5c</run_address>
         <size>0x4</size>
      </object_component>
      <object_component id="oc-1e8">
         <name>.common:lfxtFreq</name>
         <uninitialized>true</uninitialized>
         <run_address>0x2000eb60</run_address>
         <size>0x4</size>
      </object_component>
      <object_component id="oc-2b">
         <name>.stack</name>
         <uninitialized>true</uninitialized>
         <run_address>0x2000fe00</run_address>
         <size>0x0</size>
         <input_file_ref idref="fl-c9"/>
      </object_component>
      <object_component id="oc-262">
         <name>.stack</name>
         <uninitialized>true</uninitialized>
         <run_address>0x2000fe00</run_address>
         <size>0x0</size>
      </object_component>
      <object_component id="oc-fa">
         <name>.debug_info</name>
         <load_address>0x0</load_address>
         <run_address>0x0</run_address>
         <size>0x4d9</size>
         <input_file_ref idref="fl-2"/>
      </object_component>
      <object_component id="oc-ff">
         <name>.debug_info</name>
         <load_address>0x4d9</load_address>
         <run_address>0x4d9</run_address>
         <size>0x1c7</size>
         <input_file_ref idref="fl-2"/>
      </object_component>
      <object_component id="oc-f7">
         <name>.debug_info</name>
         <load_address>0x6a0</load_address>
         <run_address>0x6a0</run_address>
         <size>0xe9</size>
         <input_file_ref idref="fl-2"/>
      </object_component>
      <object_component id="oc-81">
         <name>.debug_info</name>
         <load_address>0x789</load_address>
         <run_address>0x789</run_address>
         <size>0x65c</size>
         <input_file_ref idref="fl-2"/>
      </object_component>
      <object_component id="oc-172">
         <name>.debug_info</name>
         <load_address>0xde5</load_address>
         <run_address>0xde5</run_address>
         <size>0x6c</size>
         <input_file_ref idref="fl-2"/>
      </object_component>
      <object_component id="oc-177">
         <name>.debug_info</name>
         <load_address>0xe51</load_address>
         <run_address>0xe51</run_address>
         <size>0x9a</size>
         <input_file_ref idref="fl-2"/>
      </object_component>
      <object_component id="oc-154">
         <name>.debug_info</name>
         <load_address>0xeeb</load_address>
         <run_address>0xeeb</run_address>
         <size>0x103e</size>
         <input_file_ref idref="fl-2"/>
      </object_component>
      <object_component id="oc-14f">
         <name>.debug_info</name>
         <load_address>0x1f29</load_address>
         <run_address>0x1f29</run_address>
         <size>0x37a3</size>
         <input_file_ref idref="fl-2"/>
      </object_component>
      <object_component id="oc-1cb">
         <name>.debug_info</name>
         <load_address>0x56cc</load_address>
         <run_address>0x56cc</run_address>
         <size>0x1b5</size>
         <input_file_ref idref="fl-2"/>
      </object_component>
      <object_component id="oc-db">
         <name>.debug_info</name>
         <load_address>0x5881</load_address>
         <run_address>0x5881</run_address>
         <size>0x8b</size>
         <input_file_ref idref="fl-2"/>
      </object_component>
      <object_component id="oc-e0">
         <name>.debug_info</name>
         <load_address>0x590c</load_address>
         <run_address>0x590c</run_address>
         <size>0x18b</size>
         <input_file_ref idref="fl-2"/>
      </object_component>
      <object_component id="oc-21d">
         <name>.debug_info</name>
         <load_address>0x5a97</load_address>
         <run_address>0x5a97</run_address>
         <size>0x131</size>
         <input_file_ref idref="fl-2"/>
      </object_component>
      <object_component id="oc-159">
         <name>.debug_info</name>
         <load_address>0x5bc8</load_address>
         <run_address>0x5bc8</run_address>
         <size>0xee</size>
         <input_file_ref idref="fl-2"/>
      </object_component>
      <object_component id="oc-113">
         <name>.debug_info</name>
         <load_address>0x5cb6</load_address>
         <run_address>0x5cb6</run_address>
         <size>0x601</size>
         <input_file_ref idref="fl-3"/>
      </object_component>
      <object_component id="oc-11a">
         <name>.debug_info</name>
         <load_address>0x62b7</load_address>
         <run_address>0x62b7</run_address>
         <size>0xdd</size>
         <input_file_ref idref="fl-3"/>
      </object_component>
      <object_component id="oc-11d">
         <name>.debug_info</name>
         <load_address>0x6394</load_address>
         <run_address>0x6394</run_address>
         <size>0xe7</size>
         <input_file_ref idref="fl-3"/>
      </object_component>
      <object_component id="oc-117">
         <name>.debug_info</name>
         <load_address>0x647b</load_address>
         <run_address>0x647b</run_address>
         <size>0xde</size>
         <input_file_ref idref="fl-3"/>
      </object_component>
      <object_component id="oc-87">
         <name>.debug_info</name>
         <load_address>0x6559</load_address>
         <run_address>0x6559</run_address>
         <size>0x5b4</size>
         <input_file_ref idref="fl-3"/>
      </object_component>
      <object_component id="oc-1b1">
         <name>.debug_info</name>
         <load_address>0x6b0d</load_address>
         <run_address>0x6b0d</run_address>
         <size>0x37a3</size>
         <input_file_ref idref="fl-3"/>
      </object_component>
      <object_component id="oc-9e">
         <name>.debug_info</name>
         <load_address>0xa2b0</load_address>
         <run_address>0xa2b0</run_address>
         <size>0x2c</size>
         <input_file_ref idref="fl-3"/>
      </object_component>
      <object_component id="oc-e5">
         <name>.debug_info</name>
         <load_address>0xa2dc</load_address>
         <run_address>0xa2dc</run_address>
         <size>0x8a</size>
         <input_file_ref idref="fl-3"/>
      </object_component>
      <object_component id="oc-110">
         <name>.debug_info</name>
         <load_address>0xa366</load_address>
         <run_address>0xa366</run_address>
         <size>0x527</size>
         <input_file_ref idref="fl-4"/>
      </object_component>
      <object_component id="oc-1aa">
         <name>.debug_info</name>
         <load_address>0xa88d</load_address>
         <run_address>0xa88d</run_address>
         <size>0x55</size>
         <input_file_ref idref="fl-4"/>
      </object_component>
      <object_component id="oc-1a7">
         <name>.debug_info</name>
         <load_address>0xa8e2</load_address>
         <run_address>0xa8e2</run_address>
         <size>0x532</size>
         <input_file_ref idref="fl-5"/>
      </object_component>
      <object_component id="oc-1a4">
         <name>.debug_info</name>
         <load_address>0xae14</load_address>
         <run_address>0xae14</run_address>
         <size>0xe9</size>
         <input_file_ref idref="fl-5"/>
      </object_component>
      <object_component id="oc-10c">
         <name>.debug_info</name>
         <load_address>0xaefd</load_address>
         <run_address>0xaefd</run_address>
         <size>0x326</size>
         <input_file_ref idref="fl-5"/>
      </object_component>
      <object_component id="oc-8d">
         <name>.debug_info</name>
         <load_address>0xb223</load_address>
         <run_address>0xb223</run_address>
         <size>0x1ad</size>
         <input_file_ref idref="fl-6"/>
      </object_component>
      <object_component id="oc-29">
         <name>.debug_info</name>
         <load_address>0xb3d0</load_address>
         <run_address>0xb3d0</run_address>
         <size>0x104</size>
         <input_file_ref idref="fl-6"/>
      </object_component>
      <object_component id="oc-76">
         <name>.debug_info</name>
         <load_address>0xb4d4</load_address>
         <run_address>0xb4d4</run_address>
         <size>0x26b</size>
         <input_file_ref idref="fl-6"/>
      </object_component>
      <object_component id="oc-96">
         <name>.debug_info</name>
         <load_address>0xb73f</load_address>
         <run_address>0xb73f</run_address>
         <size>0x84</size>
         <input_file_ref idref="fl-6"/>
      </object_component>
      <object_component id="oc-147">
         <name>.debug_info</name>
         <load_address>0xb7c3</load_address>
         <run_address>0xb7c3</run_address>
         <size>0xfd</size>
         <input_file_ref idref="fl-7"/>
      </object_component>
      <object_component id="oc-c4">
         <name>.debug_info</name>
         <load_address>0xb8c0</load_address>
         <run_address>0xb8c0</run_address>
         <size>0x26f</size>
         <input_file_ref idref="fl-7"/>
      </object_component>
      <object_component id="oc-d1">
         <name>.debug_info</name>
         <load_address>0xbb2f</load_address>
         <run_address>0xbb2f</run_address>
         <size>0x4b3</size>
         <input_file_ref idref="fl-8"/>
      </object_component>
      <object_component id="oc-d5">
         <name>.debug_info</name>
         <load_address>0xbfe2</load_address>
         <run_address>0xbfe2</run_address>
         <size>0xec</size>
         <input_file_ref idref="fl-8"/>
      </object_component>
      <object_component id="oc-d8">
         <name>.debug_info</name>
         <load_address>0xc0ce</load_address>
         <run_address>0xc0ce</run_address>
         <size>0xf8</size>
         <input_file_ref idref="fl-8"/>
      </object_component>
      <object_component id="oc-7b">
         <name>.debug_info</name>
         <load_address>0xc1c6</load_address>
         <run_address>0xc1c6</run_address>
         <size>0x730</size>
         <input_file_ref idref="fl-8"/>
      </object_component>
      <object_component id="oc-14b">
         <name>.debug_info</name>
         <load_address>0xc8f6</load_address>
         <run_address>0xc8f6</run_address>
         <size>0x5ef</size>
         <input_file_ref idref="fl-e"/>
      </object_component>
      <object_component id="oc-180">
         <name>.debug_info</name>
         <load_address>0xcee5</load_address>
         <run_address>0xcee5</run_address>
         <size>0x21a</size>
         <input_file_ref idref="fl-e"/>
      </object_component>
      <object_component id="oc-105">
         <name>.debug_info</name>
         <load_address>0xd0ff</load_address>
         <run_address>0xd0ff</run_address>
         <size>0x11c</size>
         <input_file_ref idref="fl-e"/>
      </object_component>
      <object_component id="oc-cc">
         <name>.debug_info</name>
         <load_address>0xd21b</load_address>
         <run_address>0xd21b</run_address>
         <size>0x132</size>
         <input_file_ref idref="fl-e"/>
      </object_component>
      <object_component id="oc-1d7">
         <name>.debug_info</name>
         <load_address>0xd34d</load_address>
         <run_address>0xd34d</run_address>
         <size>0x131</size>
         <input_file_ref idref="fl-e"/>
      </object_component>
      <object_component id="oc-225">
         <name>.debug_info</name>
         <load_address>0xd47e</load_address>
         <run_address>0xd47e</run_address>
         <size>0x129</size>
         <input_file_ref idref="fl-e"/>
      </object_component>
      <object_component id="oc-1dd">
         <name>.debug_info</name>
         <load_address>0xd5a7</load_address>
         <run_address>0xd5a7</run_address>
         <size>0x1dd</size>
         <input_file_ref idref="fl-e"/>
      </object_component>
      <object_component id="oc-1e3">
         <name>.debug_info</name>
         <load_address>0xd784</load_address>
         <run_address>0xd784</run_address>
         <size>0x120</size>
         <input_file_ref idref="fl-e"/>
      </object_component>
      <object_component id="oc-164">
         <name>.debug_info</name>
         <load_address>0xd8a4</load_address>
         <run_address>0xd8a4</run_address>
         <size>0x1d8</size>
         <input_file_ref idref="fl-e"/>
      </object_component>
      <object_component id="oc-ec">
         <name>.debug_info</name>
         <load_address>0xda7c</load_address>
         <run_address>0xda7c</run_address>
         <size>0x132</size>
         <input_file_ref idref="fl-e"/>
      </object_component>
      <object_component id="oc-1d0">
         <name>.debug_info</name>
         <load_address>0xdbae</load_address>
         <run_address>0xdbae</run_address>
         <size>0x103e</size>
         <input_file_ref idref="fl-e"/>
      </object_component>
      <object_component id="oc-16d">
         <name>.debug_info</name>
         <load_address>0xebec</load_address>
         <run_address>0xebec</run_address>
         <size>0x4a4</size>
         <input_file_ref idref="fl-f"/>
      </object_component>
      <object_component id="oc-16a">
         <name>.debug_info</name>
         <load_address>0xf090</load_address>
         <run_address>0xf090</run_address>
         <size>0xd0</size>
         <input_file_ref idref="fl-f"/>
      </object_component>
      <object_component id="oc-18c">
         <name>.debug_info</name>
         <load_address>0xf160</load_address>
         <run_address>0xf160</run_address>
         <size>0x183</size>
         <input_file_ref idref="fl-f"/>
      </object_component>
      <object_component id="oc-f1">
         <name>.debug_info</name>
         <load_address>0xf2e3</load_address>
         <run_address>0xf2e3</run_address>
         <size>0x1dd</size>
         <input_file_ref idref="fl-f"/>
      </object_component>
      <object_component id="oc-186">
         <name>.debug_info</name>
         <load_address>0xf4c0</load_address>
         <run_address>0xf4c0</run_address>
         <size>0x1db</size>
         <input_file_ref idref="fl-f"/>
      </object_component>
      <object_component id="oc-192">
         <name>.debug_info</name>
         <load_address>0xf69b</load_address>
         <run_address>0xf69b</run_address>
         <size>0x19c</size>
         <input_file_ref idref="fl-f"/>
      </object_component>
      <object_component id="oc-20b">
         <name>.debug_info</name>
         <load_address>0xf837</load_address>
         <run_address>0xf837</run_address>
         <size>0x4b1</size>
         <input_file_ref idref="fl-11"/>
      </object_component>
      <object_component id="oc-205">
         <name>.debug_info</name>
         <load_address>0xfce8</load_address>
         <run_address>0xfce8</run_address>
         <size>0x113</size>
         <input_file_ref idref="fl-11"/>
      </object_component>
      <object_component id="oc-198">
         <name>.debug_info</name>
         <load_address>0xfdfb</load_address>
         <run_address>0xfdfb</run_address>
         <size>0x17c</size>
         <input_file_ref idref="fl-11"/>
      </object_component>
      <object_component id="oc-20d">
         <name>.debug_info</name>
         <load_address>0xff77</load_address>
         <run_address>0xff77</run_address>
         <size>0x135</size>
         <input_file_ref idref="fl-11"/>
      </object_component>
      <object_component id="oc-213">
         <name>.debug_info</name>
         <load_address>0x100ac</load_address>
         <run_address>0x100ac</run_address>
         <size>0x135</size>
         <input_file_ref idref="fl-11"/>
      </object_component>
      <object_component id="oc-19e">
         <name>.debug_info</name>
         <load_address>0x101e1</load_address>
         <run_address>0x101e1</run_address>
         <size>0x187</size>
         <input_file_ref idref="fl-11"/>
      </object_component>
      <object_component id="oc-233">
         <name>.debug_info</name>
         <load_address>0x10368</load_address>
         <run_address>0x10368</run_address>
         <size>0x379</size>
         <input_file_ref idref="fl-12"/>
      </object_component>
      <object_component id="oc-22a">
         <name>.debug_info</name>
         <load_address>0x106e1</load_address>
         <run_address>0x106e1</run_address>
         <size>0x1d6</size>
         <input_file_ref idref="fl-12"/>
      </object_component>
      <object_component id="oc-1ef">
         <name>.debug_info</name>
         <load_address>0x108b7</load_address>
         <run_address>0x108b7</run_address>
         <size>0x10f</size>
         <input_file_ref idref="fl-12"/>
      </object_component>
      <object_component id="oc-1fb">
         <name>.debug_info</name>
         <load_address>0x109c6</load_address>
         <run_address>0x109c6</run_address>
         <size>0x12b</size>
         <input_file_ref idref="fl-12"/>
      </object_component>
      <object_component id="oc-1f5">
         <name>.debug_info</name>
         <load_address>0x10af1</load_address>
         <run_address>0x10af1</run_address>
         <size>0x12d</size>
         <input_file_ref idref="fl-12"/>
      </object_component>
      <object_component id="oc-23">
         <name>.debug_info</name>
         <load_address>0x10c1e</load_address>
         <run_address>0x10c1e</run_address>
         <size>0x161</size>
         <input_file_ref idref="fl-c9"/>
      </object_component>
      <object_component id="oc-37">
         <name>.debug_info</name>
         <load_address>0x10d7f</load_address>
         <run_address>0x10d7f</run_address>
         <size>0x141</size>
         <input_file_ref idref="fl-ca"/>
      </object_component>
      <object_component id="oc-14">
         <name>.debug_info</name>
         <load_address>0x10ec0</load_address>
         <run_address>0x10ec0</run_address>
         <size>0x1e0</size>
         <input_file_ref idref="fl-ca"/>
      </object_component>
      <object_component id="oc-32">
         <name>.debug_info</name>
         <load_address>0x110a0</load_address>
         <run_address>0x110a0</run_address>
         <size>0x46</size>
         <input_file_ref idref="fl-ca"/>
      </object_component>
      <object_component id="oc-8f">
         <name>.debug_info</name>
         <load_address>0x110e6</load_address>
         <run_address>0x110e6</run_address>
         <size>0x2c</size>
         <input_file_ref idref="fl-ca"/>
      </object_component>
      <object_component id="oc-3f">
         <name>.debug_info</name>
         <load_address>0x11112</load_address>
         <run_address>0x11112</run_address>
         <size>0x135</size>
         <input_file_ref idref="fl-cb"/>
      </object_component>
      <object_component id="oc-3b">
         <name>.debug_info</name>
         <load_address>0x11247</load_address>
         <run_address>0x11247</run_address>
         <size>0x248</size>
         <input_file_ref idref="fl-cb"/>
      </object_component>
      <object_component id="oc-18">
         <name>.debug_info</name>
         <load_address>0x1148f</load_address>
         <run_address>0x1148f</run_address>
         <size>0x1b2</size>
         <input_file_ref idref="fl-cb"/>
      </object_component>
      <object_component id="oc-40">
         <name>.debug_info</name>
         <load_address>0x11641</load_address>
         <run_address>0x11641</run_address>
         <size>0x39</size>
         <input_file_ref idref="fl-cb"/>
      </object_component>
      <object_component id="oc-bf">
         <name>.debug_info</name>
         <load_address>0x1167a</load_address>
         <run_address>0x1167a</run_address>
         <size>0x235</size>
         <input_file_ref idref="fl-cd"/>
      </object_component>
      <object_component id="oc-b9">
         <name>.debug_info</name>
         <load_address>0x118af</load_address>
         <run_address>0x118af</run_address>
         <size>0x186</size>
         <input_file_ref idref="fl-cd"/>
      </object_component>
      <object_component id="oc-6a">
         <name>.debug_info</name>
         <load_address>0x11a35</load_address>
         <run_address>0x11a35</run_address>
         <size>0x215</size>
         <input_file_ref idref="fl-cd"/>
      </object_component>
      <object_component id="oc-2d">
         <name>.debug_info</name>
         <load_address>0x11c4a</load_address>
         <run_address>0x11c4a</run_address>
         <size>0x112</size>
         <input_file_ref idref="fl-ce"/>
      </object_component>
      <object_component id="oc-48">
         <name>.debug_info</name>
         <load_address>0x11d5c</load_address>
         <run_address>0x11d5c</run_address>
         <size>0x140</size>
         <input_file_ref idref="fl-cf"/>
      </object_component>
      <object_component id="oc-53">
         <name>.debug_info</name>
         <load_address>0x11e9c</load_address>
         <run_address>0x11e9c</run_address>
         <size>0x139</size>
         <input_file_ref idref="fl-d0"/>
      </object_component>
      <object_component id="oc-59">
         <name>.debug_info</name>
         <load_address>0x11fd5</load_address>
         <run_address>0x11fd5</run_address>
         <size>0x149</size>
         <input_file_ref idref="fl-d1"/>
      </object_component>
      <object_component id="oc-70">
         <name>.debug_info</name>
         <load_address>0x1211e</load_address>
         <run_address>0x1211e</run_address>
         <size>0x10a</size>
         <input_file_ref idref="fl-d2"/>
      </object_component>
      <object_component id="oc-142">
         <name>.debug_info</name>
         <load_address>0x12228</load_address>
         <run_address>0x12228</run_address>
         <size>0x125</size>
         <input_file_ref idref="fl-d3"/>
      </object_component>
      <object_component id="oc-bc">
         <name>.debug_info</name>
         <load_address>0x1234d</load_address>
         <run_address>0x1234d</run_address>
         <size>0x114</size>
         <input_file_ref idref="fl-d3"/>
      </object_component>
      <object_component id="oc-13c">
         <name>.debug_info</name>
         <load_address>0x12461</load_address>
         <run_address>0x12461</run_address>
         <size>0x220</size>
         <input_file_ref idref="fl-d3"/>
      </object_component>
      <object_component id="oc-b7">
         <name>.debug_info</name>
         <load_address>0x12681</load_address>
         <run_address>0x12681</run_address>
         <size>0x167</size>
         <input_file_ref idref="fl-d4"/>
      </object_component>
      <object_component id="oc-67">
         <name>.debug_info</name>
         <load_address>0x127e8</load_address>
         <run_address>0x127e8</run_address>
         <size>0x168</size>
         <input_file_ref idref="fl-d4"/>
      </object_component>
      <object_component id="oc-133">
         <name>.debug_info</name>
         <load_address>0x12950</load_address>
         <run_address>0x12950</run_address>
         <size>0x5e</size>
         <input_file_ref idref="fl-d4"/>
      </object_component>
      <object_component id="oc-b5">
         <name>.debug_info</name>
         <load_address>0x129ae</load_address>
         <run_address>0x129ae</run_address>
         <size>0x2ea</size>
         <input_file_ref idref="fl-d5"/>
      </object_component>
      <object_component id="oc-5f">
         <name>.debug_info</name>
         <load_address>0x12c98</load_address>
         <run_address>0x12c98</run_address>
         <size>0x191</size>
         <input_file_ref idref="fl-d5"/>
      </object_component>
      <object_component id="oc-127">
         <name>.debug_info</name>
         <load_address>0x12e29</load_address>
         <run_address>0x12e29</run_address>
         <size>0x39</size>
         <input_file_ref idref="fl-d5"/>
      </object_component>
      <object_component id="oc-12c">
         <name>.debug_info</name>
         <load_address>0x12e62</load_address>
         <run_address>0x12e62</run_address>
         <size>0xcd</size>
         <input_file_ref idref="fl-d5"/>
      </object_component>
      <object_component id="oc-123">
         <name>.debug_info</name>
         <load_address>0x12f2f</load_address>
         <run_address>0x12f2f</run_address>
         <size>0x1e1</size>
         <input_file_ref idref="fl-d6"/>
      </object_component>
      <object_component id="oc-a9">
         <name>.debug_info</name>
         <load_address>0x13110</load_address>
         <run_address>0x13110</run_address>
         <size>0x184</size>
         <input_file_ref idref="fl-d6"/>
      </object_component>
      <object_component id="oc-1bf">
         <name>.debug_info</name>
         <load_address>0x13294</load_address>
         <run_address>0x13294</run_address>
         <size>0x2c</size>
         <input_file_ref idref="fl-d6"/>
      </object_component>
      <object_component id="oc-b1">
         <name>.debug_info</name>
         <load_address>0x132c0</load_address>
         <run_address>0x132c0</run_address>
         <size>0x146</size>
         <input_file_ref idref="fl-d7"/>
      </object_component>
      <object_component id="oc-263">
         <name>.debug_info</name>
         <load_address>0x13406</load_address>
         <run_address>0x13406</run_address>
         <size>0xb3</size>
      </object_component>
      <object_component id="oc-171">
         <name>.debug_line</name>
         <load_address>0x0</load_address>
         <run_address>0x0</run_address>
         <size>0xe1</size>
         <input_file_ref idref="fl-2"/>
      </object_component>
      <object_component id="oc-17d">
         <name>.debug_line</name>
         <load_address>0xe1</load_address>
         <run_address>0xe1</run_address>
         <size>0x33</size>
         <input_file_ref idref="fl-2"/>
      </object_component>
      <object_component id="oc-16f">
         <name>.debug_line</name>
         <load_address>0x114</load_address>
         <run_address>0x114</run_address>
         <size>0x33</size>
         <input_file_ref idref="fl-2"/>
      </object_component>
      <object_component id="oc-80">
         <name>.debug_line</name>
         <load_address>0x147</load_address>
         <run_address>0x147</run_address>
         <size>0x1ae</size>
         <input_file_ref idref="fl-2"/>
      </object_component>
      <object_component id="oc-175">
         <name>.debug_line</name>
         <load_address>0x2f5</load_address>
         <run_address>0x2f5</run_address>
         <size>0x33</size>
         <input_file_ref idref="fl-2"/>
      </object_component>
      <object_component id="oc-17a">
         <name>.debug_line</name>
         <load_address>0x328</load_address>
         <run_address>0x328</run_address>
         <size>0x77</size>
         <input_file_ref idref="fl-2"/>
      </object_component>
      <object_component id="oc-157">
         <name>.debug_line</name>
         <load_address>0x39f</load_address>
         <run_address>0x39f</run_address>
         <size>0x55</size>
         <input_file_ref idref="fl-2"/>
      </object_component>
      <object_component id="oc-152">
         <name>.debug_line</name>
         <load_address>0x3f4</load_address>
         <run_address>0x3f4</run_address>
         <size>0x52</size>
         <input_file_ref idref="fl-2"/>
      </object_component>
      <object_component id="oc-1ce">
         <name>.debug_line</name>
         <load_address>0x446</load_address>
         <run_address>0x446</run_address>
         <size>0x7a</size>
         <input_file_ref idref="fl-2"/>
      </object_component>
      <object_component id="oc-de">
         <name>.debug_line</name>
         <load_address>0x4c0</load_address>
         <run_address>0x4c0</run_address>
         <size>0x20</size>
         <input_file_ref idref="fl-2"/>
      </object_component>
      <object_component id="oc-e3">
         <name>.debug_line</name>
         <load_address>0x4e0</load_address>
         <run_address>0x4e0</run_address>
         <size>0x5f</size>
         <input_file_ref idref="fl-2"/>
      </object_component>
      <object_component id="oc-220">
         <name>.debug_line</name>
         <load_address>0x53f</load_address>
         <run_address>0x53f</run_address>
         <size>0x77</size>
         <input_file_ref idref="fl-2"/>
      </object_component>
      <object_component id="oc-15c">
         <name>.debug_line</name>
         <load_address>0x5b6</load_address>
         <run_address>0x5b6</run_address>
         <size>0x78</size>
         <input_file_ref idref="fl-2"/>
      </object_component>
      <object_component id="oc-1b0">
         <name>.debug_line</name>
         <load_address>0x62e</load_address>
         <run_address>0x62e</run_address>
         <size>0xaa</size>
         <input_file_ref idref="fl-3"/>
      </object_component>
      <object_component id="oc-1ba">
         <name>.debug_line</name>
         <load_address>0x6d8</load_address>
         <run_address>0x6d8</run_address>
         <size>0x36</size>
         <input_file_ref idref="fl-3"/>
      </object_component>
      <object_component id="oc-1bc">
         <name>.debug_line</name>
         <load_address>0x70e</load_address>
         <run_address>0x70e</run_address>
         <size>0x2d</size>
         <input_file_ref idref="fl-3"/>
      </object_component>
      <object_component id="oc-1b7">
         <name>.debug_line</name>
         <load_address>0x73b</load_address>
         <run_address>0x73b</run_address>
         <size>0x2d</size>
         <input_file_ref idref="fl-3"/>
      </object_component>
      <object_component id="oc-86">
         <name>.debug_line</name>
         <load_address>0x768</load_address>
         <run_address>0x768</run_address>
         <size>0x1a2</size>
         <input_file_ref idref="fl-3"/>
      </object_component>
      <object_component id="oc-1b4">
         <name>.debug_line</name>
         <load_address>0x90a</load_address>
         <run_address>0x90a</run_address>
         <size>0x52</size>
         <input_file_ref idref="fl-3"/>
      </object_component>
      <object_component id="oc-a1">
         <name>.debug_line</name>
         <load_address>0x95c</load_address>
         <run_address>0x95c</run_address>
         <size>0x5f</size>
         <input_file_ref idref="fl-3"/>
      </object_component>
      <object_component id="oc-e8">
         <name>.debug_line</name>
         <load_address>0x9bb</load_address>
         <run_address>0x9bb</run_address>
         <size>0x34</size>
         <input_file_ref idref="fl-3"/>
      </object_component>
      <object_component id="oc-1a9">
         <name>.debug_line</name>
         <load_address>0x9ef</load_address>
         <run_address>0x9ef</run_address>
         <size>0x86</size>
         <input_file_ref idref="fl-4"/>
      </object_component>
      <object_component id="oc-1ad">
         <name>.debug_line</name>
         <load_address>0xa75</load_address>
         <run_address>0xa75</run_address>
         <size>0x34</size>
         <input_file_ref idref="fl-4"/>
      </object_component>
      <object_component id="oc-21c">
         <name>.debug_line</name>
         <load_address>0xaa9</load_address>
         <run_address>0xaa9</run_address>
         <size>0x125</size>
         <input_file_ref idref="fl-5"/>
      </object_component>
      <object_component id="oc-21a">
         <name>.debug_line</name>
         <load_address>0xbce</load_address>
         <run_address>0xbce</run_address>
         <size>0x33</size>
         <input_file_ref idref="fl-5"/>
      </object_component>
      <object_component id="oc-10b">
         <name>.debug_line</name>
         <load_address>0xc01</load_address>
         <run_address>0xc01</run_address>
         <size>0xda</size>
         <input_file_ref idref="fl-5"/>
      </object_component>
      <object_component id="oc-121">
         <name>.debug_line</name>
         <load_address>0xcdb</load_address>
         <run_address>0xcdb</run_address>
         <size>0x40</size>
         <input_file_ref idref="fl-6"/>
      </object_component>
      <object_component id="oc-8c">
         <name>.debug_line</name>
         <load_address>0xd1b</load_address>
         <run_address>0xd1b</run_address>
         <size>0x40</size>
         <input_file_ref idref="fl-6"/>
      </object_component>
      <object_component id="oc-78">
         <name>.debug_line</name>
         <load_address>0xd5b</load_address>
         <run_address>0xd5b</run_address>
         <size>0xa1</size>
         <input_file_ref idref="fl-6"/>
      </object_component>
      <object_component id="oc-99">
         <name>.debug_line</name>
         <load_address>0xdfc</load_address>
         <run_address>0xdfc</run_address>
         <size>0x20</size>
         <input_file_ref idref="fl-6"/>
      </object_component>
      <object_component id="oc-1c8">
         <name>.debug_line</name>
         <load_address>0xe1c</load_address>
         <run_address>0xe1c</run_address>
         <size>0x3b</size>
         <input_file_ref idref="fl-7"/>
      </object_component>
      <object_component id="oc-c8">
         <name>.debug_line</name>
         <load_address>0xe57</load_address>
         <run_address>0xe57</run_address>
         <size>0x146</size>
         <input_file_ref idref="fl-7"/>
      </object_component>
      <object_component id="oc-14e">
         <name>.debug_line</name>
         <load_address>0xf9d</load_address>
         <run_address>0xf9d</run_address>
         <size>0xc9</size>
         <input_file_ref idref="fl-8"/>
      </object_component>
      <object_component id="oc-15f">
         <name>.debug_line</name>
         <load_address>0x1066</load_address>
         <run_address>0x1066</run_address>
         <size>0x34</size>
         <input_file_ref idref="fl-8"/>
      </object_component>
      <object_component id="oc-161">
         <name>.debug_line</name>
         <load_address>0x109a</load_address>
         <run_address>0x109a</run_address>
         <size>0x34</size>
         <input_file_ref idref="fl-8"/>
      </object_component>
      <object_component id="oc-7a">
         <name>.debug_line</name>
         <load_address>0x10ce</load_address>
         <run_address>0x10ce</run_address>
         <size>0x1c3</size>
         <input_file_ref idref="fl-8"/>
      </object_component>
      <object_component id="oc-1ca">
         <name>.debug_line</name>
         <load_address>0x1291</load_address>
         <run_address>0x1291</run_address>
         <size>0x47</size>
         <input_file_ref idref="fl-e"/>
      </object_component>
      <object_component id="oc-182">
         <name>.debug_line</name>
         <load_address>0x12d8</load_address>
         <run_address>0x12d8</run_address>
         <size>0x72</size>
         <input_file_ref idref="fl-e"/>
      </object_component>
      <object_component id="oc-107">
         <name>.debug_line</name>
         <load_address>0x134a</load_address>
         <run_address>0x134a</run_address>
         <size>0x3d</size>
         <input_file_ref idref="fl-e"/>
      </object_component>
      <object_component id="oc-ce">
         <name>.debug_line</name>
         <load_address>0x1387</load_address>
         <run_address>0x1387</run_address>
         <size>0x41</size>
         <input_file_ref idref="fl-e"/>
      </object_component>
      <object_component id="oc-1d9">
         <name>.debug_line</name>
         <load_address>0x13c8</load_address>
         <run_address>0x13c8</run_address>
         <size>0x59</size>
         <input_file_ref idref="fl-e"/>
      </object_component>
      <object_component id="oc-227">
         <name>.debug_line</name>
         <load_address>0x1421</load_address>
         <run_address>0x1421</run_address>
         <size>0x5e</size>
         <input_file_ref idref="fl-e"/>
      </object_component>
      <object_component id="oc-1df">
         <name>.debug_line</name>
         <load_address>0x147f</load_address>
         <run_address>0x147f</run_address>
         <size>0x8c</size>
         <input_file_ref idref="fl-e"/>
      </object_component>
      <object_component id="oc-1e5">
         <name>.debug_line</name>
         <load_address>0x150b</load_address>
         <run_address>0x150b</run_address>
         <size>0x3f</size>
         <input_file_ref idref="fl-e"/>
      </object_component>
      <object_component id="oc-166">
         <name>.debug_line</name>
         <load_address>0x154a</load_address>
         <run_address>0x154a</run_address>
         <size>0x7b</size>
         <input_file_ref idref="fl-e"/>
      </object_component>
      <object_component id="oc-ee">
         <name>.debug_line</name>
         <load_address>0x15c5</load_address>
         <run_address>0x15c5</run_address>
         <size>0x41</size>
         <input_file_ref idref="fl-e"/>
      </object_component>
      <object_component id="oc-1d3">
         <name>.debug_line</name>
         <load_address>0x1606</load_address>
         <run_address>0x1606</run_address>
         <size>0x5e</size>
         <input_file_ref idref="fl-e"/>
      </object_component>
      <object_component id="oc-1ed">
         <name>.debug_line</name>
         <load_address>0x1664</load_address>
         <run_address>0x1664</run_address>
         <size>0x31</size>
         <input_file_ref idref="fl-f"/>
      </object_component>
      <object_component id="oc-1eb">
         <name>.debug_line</name>
         <load_address>0x1695</load_address>
         <run_address>0x1695</run_address>
         <size>0x2a</size>
         <input_file_ref idref="fl-f"/>
      </object_component>
      <object_component id="oc-18f">
         <name>.debug_line</name>
         <load_address>0x16bf</load_address>
         <run_address>0x16bf</run_address>
         <size>0x3f</size>
         <input_file_ref idref="fl-f"/>
      </object_component>
      <object_component id="oc-f4">
         <name>.debug_line</name>
         <load_address>0x16fe</load_address>
         <run_address>0x16fe</run_address>
         <size>0x50</size>
         <input_file_ref idref="fl-f"/>
      </object_component>
      <object_component id="oc-189">
         <name>.debug_line</name>
         <load_address>0x174e</load_address>
         <run_address>0x174e</run_address>
         <size>0x4e</size>
         <input_file_ref idref="fl-f"/>
      </object_component>
      <object_component id="oc-195">
         <name>.debug_line</name>
         <load_address>0x179c</load_address>
         <run_address>0x179c</run_address>
         <size>0x44</size>
         <input_file_ref idref="fl-f"/>
      </object_component>
      <object_component id="oc-237">
         <name>.debug_line</name>
         <load_address>0x17e0</load_address>
         <run_address>0x17e0</run_address>
         <size>0x31</size>
         <input_file_ref idref="fl-11"/>
      </object_component>
      <object_component id="oc-208">
         <name>.debug_line</name>
         <load_address>0x1811</load_address>
         <run_address>0x1811</run_address>
         <size>0x45</size>
         <input_file_ref idref="fl-11"/>
      </object_component>
      <object_component id="oc-19b">
         <name>.debug_line</name>
         <load_address>0x1856</load_address>
         <run_address>0x1856</run_address>
         <size>0x5c</size>
         <input_file_ref idref="fl-11"/>
      </object_component>
      <object_component id="oc-210">
         <name>.debug_line</name>
         <load_address>0x18b2</load_address>
         <run_address>0x18b2</run_address>
         <size>0x3e</size>
         <input_file_ref idref="fl-11"/>
      </object_component>
      <object_component id="oc-216">
         <name>.debug_line</name>
         <load_address>0x18f0</load_address>
         <run_address>0x18f0</run_address>
         <size>0x3e</size>
         <input_file_ref idref="fl-11"/>
      </object_component>
      <object_component id="oc-1a1">
         <name>.debug_line</name>
         <load_address>0x192e</load_address>
         <run_address>0x192e</run_address>
         <size>0x42</size>
         <input_file_ref idref="fl-11"/>
      </object_component>
      <object_component id="oc-23d">
         <name>.debug_line</name>
         <load_address>0x1970</load_address>
         <run_address>0x1970</run_address>
         <size>0x20</size>
         <input_file_ref idref="fl-12"/>
      </object_component>
      <object_component id="oc-22d">
         <name>.debug_line</name>
         <load_address>0x1990</load_address>
         <run_address>0x1990</run_address>
         <size>0x58</size>
         <input_file_ref idref="fl-12"/>
      </object_component>
      <object_component id="oc-1f2">
         <name>.debug_line</name>
         <load_address>0x19e8</load_address>
         <run_address>0x19e8</run_address>
         <size>0x41</size>
         <input_file_ref idref="fl-12"/>
      </object_component>
      <object_component id="oc-1fe">
         <name>.debug_line</name>
         <load_address>0x1a29</load_address>
         <run_address>0x1a29</run_address>
         <size>0x41</size>
         <input_file_ref idref="fl-12"/>
      </object_component>
      <object_component id="oc-1f8">
         <name>.debug_line</name>
         <load_address>0x1a6a</load_address>
         <run_address>0x1a6a</run_address>
         <size>0x41</size>
         <input_file_ref idref="fl-12"/>
      </object_component>
      <object_component id="oc-26">
         <name>.debug_line</name>
         <load_address>0x1aab</load_address>
         <run_address>0x1aab</run_address>
         <size>0x53</size>
         <input_file_ref idref="fl-c9"/>
      </object_component>
      <object_component id="oc-95">
         <name>.debug_line</name>
         <load_address>0x1afe</load_address>
         <run_address>0x1afe</run_address>
         <size>0x8a</size>
         <input_file_ref idref="fl-ca"/>
      </object_component>
      <object_component id="oc-12">
         <name>.debug_line</name>
         <load_address>0x1b88</load_address>
         <run_address>0x1b88</run_address>
         <size>0x55</size>
         <input_file_ref idref="fl-ca"/>
      </object_component>
      <object_component id="oc-35">
         <name>.debug_line</name>
         <load_address>0x1bdd</load_address>
         <run_address>0x1bdd</run_address>
         <size>0x3a</size>
         <input_file_ref idref="fl-ca"/>
      </object_component>
      <object_component id="oc-92">
         <name>.debug_line</name>
         <load_address>0x1c17</load_address>
         <run_address>0x1c17</run_address>
         <size>0x8a</size>
         <input_file_ref idref="fl-ca"/>
      </object_component>
      <object_component id="oc-9d">
         <name>.debug_line</name>
         <load_address>0x1ca1</load_address>
         <run_address>0x1ca1</run_address>
         <size>0x8a</size>
         <input_file_ref idref="fl-cb"/>
      </object_component>
      <object_component id="oc-39">
         <name>.debug_line</name>
         <load_address>0x1d2b</load_address>
         <run_address>0x1d2b</run_address>
         <size>0x98</size>
         <input_file_ref idref="fl-cb"/>
      </object_component>
      <object_component id="oc-17">
         <name>.debug_line</name>
         <load_address>0x1dc3</load_address>
         <run_address>0x1dc3</run_address>
         <size>0x4b</size>
         <input_file_ref idref="fl-cb"/>
      </object_component>
      <object_component id="oc-43">
         <name>.debug_line</name>
         <load_address>0x1e0e</load_address>
         <run_address>0x1e0e</run_address>
         <size>0x39</size>
         <input_file_ref idref="fl-cb"/>
      </object_component>
      <object_component id="oc-145">
         <name>.debug_line</name>
         <load_address>0x1e47</load_address>
         <run_address>0x1e47</run_address>
         <size>0xf2</size>
         <input_file_ref idref="fl-cd"/>
      </object_component>
      <object_component id="oc-139">
         <name>.debug_line</name>
         <load_address>0x1f39</load_address>
         <run_address>0x1f39</run_address>
         <size>0x2a</size>
         <input_file_ref idref="fl-cd"/>
      </object_component>
      <object_component id="oc-6d">
         <name>.debug_line</name>
         <load_address>0x1f63</load_address>
         <run_address>0x1f63</run_address>
         <size>0x86</size>
         <input_file_ref idref="fl-cd"/>
      </object_component>
      <object_component id="oc-30">
         <name>.debug_line</name>
         <load_address>0x1fe9</load_address>
         <run_address>0x1fe9</run_address>
         <size>0x88</size>
         <input_file_ref idref="fl-ce"/>
      </object_component>
      <object_component id="oc-47">
         <name>.debug_line</name>
         <load_address>0x2071</load_address>
         <run_address>0x2071</run_address>
         <size>0x79</size>
         <input_file_ref idref="fl-cf"/>
      </object_component>
      <object_component id="oc-56">
         <name>.debug_line</name>
         <load_address>0x20ea</load_address>
         <run_address>0x20ea</run_address>
         <size>0x3d</size>
         <input_file_ref idref="fl-d0"/>
      </object_component>
      <object_component id="oc-58">
         <name>.debug_line</name>
         <load_address>0x2127</load_address>
         <run_address>0x2127</run_address>
         <size>0x40</size>
         <input_file_ref idref="fl-d1"/>
      </object_component>
      <object_component id="oc-c2">
         <name>.debug_line</name>
         <load_address>0x2167</load_address>
         <run_address>0x2167</run_address>
         <size>0x33</size>
         <input_file_ref idref="fl-d2"/>
      </object_component>
      <object_component id="oc-1c6">
         <name>.debug_line</name>
         <load_address>0x219a</load_address>
         <run_address>0x219a</run_address>
         <size>0x20</size>
         <input_file_ref idref="fl-d3"/>
      </object_component>
      <object_component id="oc-141">
         <name>.debug_line</name>
         <load_address>0x21ba</load_address>
         <run_address>0x21ba</run_address>
         <size>0x2b</size>
         <input_file_ref idref="fl-d3"/>
      </object_component>
      <object_component id="oc-13e">
         <name>.debug_line</name>
         <load_address>0x21e5</load_address>
         <run_address>0x21e5</run_address>
         <size>0x68</size>
         <input_file_ref idref="fl-d3"/>
      </object_component>
      <object_component id="oc-132">
         <name>.debug_line</name>
         <load_address>0x224d</load_address>
         <run_address>0x224d</run_address>
         <size>0x2b</size>
         <input_file_ref idref="fl-d4"/>
      </object_component>
      <object_component id="oc-66">
         <name>.debug_line</name>
         <load_address>0x2278</load_address>
         <run_address>0x2278</run_address>
         <size>0x50</size>
         <input_file_ref idref="fl-d4"/>
      </object_component>
      <object_component id="oc-136">
         <name>.debug_line</name>
         <load_address>0x22c8</load_address>
         <run_address>0x22c8</run_address>
         <size>0x2b</size>
         <input_file_ref idref="fl-d4"/>
      </object_component>
      <object_component id="oc-126">
         <name>.debug_line</name>
         <load_address>0x22f3</load_address>
         <run_address>0x22f3</run_address>
         <size>0xa9</size>
         <input_file_ref idref="fl-d5"/>
      </object_component>
      <object_component id="oc-61">
         <name>.debug_line</name>
         <load_address>0x239c</load_address>
         <run_address>0x239c</run_address>
         <size>0x8b</size>
         <input_file_ref idref="fl-d5"/>
      </object_component>
      <object_component id="oc-12a">
         <name>.debug_line</name>
         <load_address>0x2427</load_address>
         <run_address>0x2427</run_address>
         <size>0x2e</size>
         <input_file_ref idref="fl-d5"/>
      </object_component>
      <object_component id="oc-12f">
         <name>.debug_line</name>
         <load_address>0x2455</load_address>
         <run_address>0x2455</run_address>
         <size>0x8b</size>
         <input_file_ref idref="fl-d5"/>
      </object_component>
      <object_component id="oc-1be">
         <name>.debug_line</name>
         <load_address>0x24e0</load_address>
         <run_address>0x24e0</run_address>
         <size>0x98</size>
         <input_file_ref idref="fl-d6"/>
      </object_component>
      <object_component id="oc-ac">
         <name>.debug_line</name>
         <load_address>0x2578</load_address>
         <run_address>0x2578</run_address>
         <size>0x68</size>
         <input_file_ref idref="fl-d6"/>
      </object_component>
      <object_component id="oc-1c2">
         <name>.debug_line</name>
         <load_address>0x25e0</load_address>
         <run_address>0x25e0</run_address>
         <size>0x2e</size>
         <input_file_ref idref="fl-d6"/>
      </object_component>
      <object_component id="oc-af">
         <name>.debug_line</name>
         <load_address>0x260e</load_address>
         <run_address>0x260e</run_address>
         <size>0x3c</size>
         <input_file_ref idref="fl-d7"/>
      </object_component>
      <object_component id="oc-84">
         <name>.debug_frame</name>
         <load_address>0x0</load_address>
         <run_address>0x0</run_address>
         <size>0xfa</size>
         <input_file_ref idref="fl-2"/>
      </object_component>
      <object_component id="oc-8a">
         <name>.debug_frame</name>
         <load_address>0xfa</load_address>
         <run_address>0xfa</run_address>
         <size>0x134</size>
         <input_file_ref idref="fl-3"/>
      </object_component>
      <object_component id="oc-10a">
         <name>.debug_frame</name>
         <load_address>0x22e</load_address>
         <run_address>0x22e</run_address>
         <size>0xb4</size>
         <input_file_ref idref="fl-5"/>
      </object_component>
      <object_component id="oc-75">
         <name>.debug_frame</name>
         <load_address>0x2e2</load_address>
         <run_address>0x2e2</run_address>
         <size>0xb9</size>
         <input_file_ref idref="fl-6"/>
      </object_component>
      <object_component id="oc-c7">
         <name>.debug_frame</name>
         <load_address>0x39b</load_address>
         <run_address>0x39b</run_address>
         <size>0x98</size>
         <input_file_ref idref="fl-7"/>
      </object_component>
      <object_component id="oc-7e">
         <name>.debug_frame</name>
         <load_address>0x433</load_address>
         <run_address>0x433</run_address>
         <size>0x152</size>
         <input_file_ref idref="fl-8"/>
      </object_component>
      <object_component id="oc-183">
         <name>.debug_frame</name>
         <load_address>0x585</load_address>
         <run_address>0x585</run_address>
         <size>0x92</size>
         <input_file_ref idref="fl-e"/>
      </object_component>
      <object_component id="oc-108">
         <name>.debug_frame</name>
         <load_address>0x617</load_address>
         <run_address>0x617</run_address>
         <size>0x7f</size>
         <input_file_ref idref="fl-e"/>
      </object_component>
      <object_component id="oc-cf">
         <name>.debug_frame</name>
         <load_address>0x696</load_address>
         <run_address>0x696</run_address>
         <size>0x7f</size>
         <input_file_ref idref="fl-e"/>
      </object_component>
      <object_component id="oc-1da">
         <name>.debug_frame</name>
         <load_address>0x715</load_address>
         <run_address>0x715</run_address>
         <size>0x8d</size>
         <input_file_ref idref="fl-e"/>
      </object_component>
      <object_component id="oc-228">
         <name>.debug_frame</name>
         <load_address>0x7a2</load_address>
         <run_address>0x7a2</run_address>
         <size>0x8b</size>
         <input_file_ref idref="fl-e"/>
      </object_component>
      <object_component id="oc-1e0">
         <name>.debug_frame</name>
         <load_address>0x82d</load_address>
         <run_address>0x82d</run_address>
         <size>0x93</size>
         <input_file_ref idref="fl-e"/>
      </object_component>
      <object_component id="oc-1e6">
         <name>.debug_frame</name>
         <load_address>0x8c0</load_address>
         <run_address>0x8c0</run_address>
         <size>0x7f</size>
         <input_file_ref idref="fl-e"/>
      </object_component>
      <object_component id="oc-167">
         <name>.debug_frame</name>
         <load_address>0x93f</load_address>
         <run_address>0x93f</run_address>
         <size>0x8a</size>
         <input_file_ref idref="fl-e"/>
      </object_component>
      <object_component id="oc-ef">
         <name>.debug_frame</name>
         <load_address>0x9c9</load_address>
         <run_address>0x9c9</run_address>
         <size>0x7f</size>
         <input_file_ref idref="fl-e"/>
      </object_component>
      <object_component id="oc-190">
         <name>.debug_frame</name>
         <load_address>0xa48</load_address>
         <run_address>0xa48</run_address>
         <size>0x7f</size>
         <input_file_ref idref="fl-f"/>
      </object_component>
      <object_component id="oc-f5">
         <name>.debug_frame</name>
         <load_address>0xac7</load_address>
         <run_address>0xac7</run_address>
         <size>0x7f</size>
         <input_file_ref idref="fl-f"/>
      </object_component>
      <object_component id="oc-18a">
         <name>.debug_frame</name>
[...]
         <unused_space>0xd74</unused_space>
         <attributes>RW</attributes>
         <usage_details>
            <allocated_space>
               <start_address>0x20000000</start_address>
               <size>0xf000</size>
               <logical_group_ref idref="lg-c"/>
            </allocated_space>
            <allocated_space>
               <start_address>0x2000f000</start_address>
               <size>0x8c</size>
               <logical_group_ref idref="lg-b"/>
            </allocated_space>
            <available_space>
               <start_address>0x2000f08c</start_address>
               <size>0xd74</size>
            </available_space>
            <allocated_space>
               <start_address>0x2000fe00</start_address>
               <size>0x200</size>
               <logical_group_ref idref="lg-e"/>
            </allocated_space>
         </usage_details>
      </memory_area>
   </placement_map>
   <cptbl_list>
      <cptbl>
         <name>__TI_cinit_table</name>
         <cprec>
            <name>.data</name>
            <load_address>0x1a50</load_address>
            <load_size>0x68</load_size>
            <run_address>0x2000f000</run_address>
            <run_size>0x8c</run_size>
            <compression>rle</compression>
         </cprec>
         <cprec>
            <name>.bss</name>
            <load_address>0x1ab8</load_address>
            <load_size>0xb</load_size>
            <run_address>0x20000000</run_address>
            <run_size>0xf000</run_size>
            <compression>rle</compression>
         </cprec>
      </cptbl>
   </cptbl_list>
   <handler_table>
      <handler_table_name>__TI_handler_table</handler_table_name>
      <handler>
         <index>0x0</index>
         <name>__TI_decompress_rle24</name>
      </handler>
      <handler>
         <index>0x1</index>
         <name>__TI_decompress_none</name>
      </handler>
   </handler_table>
   <symbol_table>
      <symbol id="sm-1">
         <name>WDTCTL_SYM</name>
         <value>0x4000480c</value>
      </symbol>
      <symbol id="sm-2">
         <name>__TI_CINIT_Base</name>
         <value>0x1acc</value>
      </symbol>
      <symbol id="sm-3">
         <name>__TI_CINIT_Limit</name>
         <value>0x1adc</value>
      </symbol>
      <symbol id="sm-4">
         <name>__TI_Handler_Table_Base</name>
         <value>0x1ac4</value>
      </symbol>
      <symbol id="sm-5">
         <name>__TI_Handler_Table_Limit</name>
         <value>0x1acc</value>
      </symbol>
      <symbol id="sm-6">
         <name>binit</name>
         <value>0xffffffff</value>
      </symbol>
      <symbol id="sm-7">
         <name>__binit__</name>
         <value>0xffffffff</value>
      </symbol>
      <symbol id="sm-8">
         <name>__STACK_SIZE</name>
         <value>0x200</value>
      </symbol>
      <symbol id="sm-9">
         <name>__STACK_END</name>
         <value>0x20010000</value>
      </symbol>
      <symbol id="sm-a">
         <name>__c_args__</name>
         <value>0xffffffff</value>
      </symbol>
      <symbol id="sm-b">
         <name>__TI_pprof_out_hndl</name>
         <value>0xffffffff</value>
      </symbol>
      <symbol id="sm-c">
         <name>__TI_prof_data_start</name>
         <value>0xffffffff</value>
      </symbol>
      <symbol id="sm-d">
         <name>__TI_prof_data_size</name>
         <value>0xffffffff</value>
      </symbol>
      <symbol id="sm-ae">
         <name>ui8Status</name>
         <value>0x2000eb69</value>
      </symbol>
      <symbol id="sm-af">
         <name>pData</name>
         <value>0x2000eb64</value>
      </symbol>
      <symbol id="sm-b0">
         <name>ui8DummyRead</name>
         <value>0x2000eb68</value>
      </symbol>
      <symbol id="sm-b1">
         <name>g_ui32ByteCount</name>
         <value>0x2000eb58</value>
      </symbol>
      <symbol id="sm-b2">
         <name>EUSCIB1_IRQHandler</name>
         <value>0x481</value>
         <object_component_ref idref="oc-7f"/>
      </symbol>
      <symbol id="sm-b3">
         <name>count_START</name>
         <value>0x2000f066</value>
         <object_component_ref idref="oc-fe"/>
      </symbol>
      <symbol id="sm-b4">
         <name>count_TRANS</name>
         <value>0x2000f06c</value>
         <object_component_ref idref="oc-fe"/>
      </symbol>
      <symbol id="sm-b5">
         <name>readI2C</name>
         <value>0x22f</value>
         <object_component_ref idref="oc-7f"/>
      </symbol>
      <symbol id="sm-b6">
         <name>count_STOP</name>
         <value>0x2000f068</value>
         <object_component_ref idref="oc-fe"/>
      </symbol>
      <symbol id="sm-b7">
         <name>initI2C</name>
         <value>0x141</value>
         <object_component_ref idref="oc-7f"/>
      </symbol>
      <symbol id="sm-b8">
         <name>count_INT</name>
         <value>0x2000f064</value>
         <object_component_ref idref="oc-fe"/>
      </symbol>
      <symbol id="sm-b9">
         <name>count_REC</name>
         <value>0x2000f06a</value>
         <object_component_ref idref="oc-fe"/>
      </symbol>
      <symbol id="sm-ba">
         <name>count_NACK</name>
         <value>0x2000f062</value>
         <object_component_ref idref="oc-fe"/>
      </symbol>
      <symbol id="sm-bb">
         <name>readBurstI2C</name>
         <value>0x34b</value>
         <object_component_ref idref="oc-7f"/>
      </symbol>
      <symbol id="sm-bc">
         <name>i2cConfig</name>
         <value>0x2000f04c</value>
         <object_component_ref idref="oc-f6"/>
      </symbol>
      <symbol id="sm-bd">
         <name>writeI2C</name>
         <value>0x157</value>
         <object_component_ref idref="oc-7f"/>
      </symbol>
      <symbol id="sm-be">
         <name>burstMode</name>
         <value>0x2000f060</value>
         <object_component_ref idref="oc-fe"/>
      </symbol>
      <symbol id="sm-126">
         <name>x_coord</name>
         <value>0x2000eb28</value>
      </symbol>
      <symbol id="sm-127">
         <name>y_coord</name>
         <value>0x2000eb40</value>
      </symbol>
      <symbol id="sm-128">
         <name>capture_image</name>
         <value>0xd19</value>
         <object_component_ref idref="oc-85"/>
      </symbol>
      <symbol id="sm-129">
         <name>capture_req</name>
         <value>0x2000f06e</value>
         <object_component_ref idref="oc-11c"/>
      </symbol>
      <symbol id="sm-12a">
         <name>motion_sensor_init</name>
         <value>0xded</value>
         <object_component_ref idref="oc-85"/>
      </symbol>
      <symbol id="sm-12b">
         <name>init_SMCLK</name>
         <value>0xcc1</value>
         <object_component_ref idref="oc-85"/>
      </symbol>
      <symbol id="sm-12c">
         <name>read_coordinates</name>
         <value>0xe27</value>
         <object_component_ref idref="oc-85"/>
      </symbol>
      <symbol id="sm-12d">
         <name>main</name>
         <value>0xe7d</value>
         <object_component_ref idref="oc-85"/>
      </symbol>
      <symbol id="sm-12e">
         <name>enable_interrupts</name>
         <value>0xd01</value>
         <object_component_ref idref="oc-85"/>
      </symbol>
      <symbol id="sm-12f">
         <name>DH_CMD</name>
         <value>0x1a3c</value>
         <object_component_ref idref="oc-119"/>
      </symbol>
      <symbol id="sm-130">
         <name>init_ACLK</name>
         <value>0xcd7</value>
         <object_component_ref idref="oc-85"/>
      </symbol>
      <symbol id="sm-131">
         <name>PORT3_IRQHandler</name>
         <value>0xf45</value>
         <object_component_ref idref="oc-85"/>
      </symbol>
      <symbol id="sm-13c">
         <name>image_buffer</name>
         <value>0x20000000</value>
      </symbol>
      <symbol id="sm-163">
         <name>spi_init</name>
         <value>0xfb1</value>
         <object_component_ref idref="oc-109"/>
      </symbol>
      <symbol id="sm-164">
         <name>spi_Read</name>
         <value>0x1043</value>
         <object_component_ref idref="oc-109"/>
      </symbol>
      <symbol id="sm-165">
         <name>spiConfig</name>
         <value>0x2000f030</value>
         <object_component_ref idref="oc-1a3"/>
      </symbol>
      <symbol id="sm-166">
         <name>spi_Write</name>
         <value>0xfe5</value>
         <object_component_ref idref="oc-109"/>
      </symbol>
      <symbol id="sm-188">
         <name>interruptVectors</name>
         <value>0x0</value>
         <object_component_ref idref="oc-28"/>
      </symbol>
      <symbol id="sm-1cf">
         <name>SystemInit</name>
         <value>0xc0d</value>
         <object_component_ref idref="oc-c3"/>
      </symbol>
      <symbol id="sm-1d0">
         <name>SystemCoreClockUpdate</name>
         <value>0x999</value>
         <object_component_ref idref="oc-c3"/>
      </symbol>
      <symbol id="sm-1d1">
         <name>SystemCoreClock</name>
         <value>0x2000f088</value>
         <object_component_ref idref="oc-146"/>
      </symbol>
      <symbol id="sm-21e">
         <name>controlTable</name>
         <value>0x2000ec00</value>
      </symbol>
      <symbol id="sm-21f">
         <name>RXBuffer</name>
         <value>0x2000ea60</value>
      </symbol>
      <symbol id="sm-220">
         <name>uartConfig</name>
         <value>0x19f4</value>
         <object_component_ref idref="oc-d4"/>
      </symbol>
      <symbol id="sm-221">
         <name>transmit_array</name>
         <value>0x74f</value>
         <object_component_ref idref="oc-79"/>
      </symbol>
      <symbol id="sm-222">
         <name>xbee_CMD</name>
         <value>0x845</value>
         <object_component_ref idref="oc-79"/>
      </symbol>
      <symbol id="sm-223">
         <name>EUSCIA2_IRQHandler</name>
         <value>0x919</value>
         <object_component_ref idref="oc-79"/>
      </symbol>
      <symbol id="sm-224">
         <name>wait_OK</name>
         <value>0x7bb</value>
         <object_component_ref idref="oc-79"/>
      </symbol>
      <symbol id="sm-225">
         <name>init_DMA</name>
         <value>0x5d1</value>
         <object_component_ref idref="oc-79"/>
      </symbol>
      <symbol id="sm-226">
         <name>transmit_image</name>
         <value>0x6a7</value>
         <object_component_ref idref="oc-79"/>
      </symbol>
      <symbol id="sm-227">
         <name>init_XBEE</name>
         <value>0x63d</value>
         <object_component_ref idref="oc-79"/>
      </symbol>
      <symbol id="sm-228">
         <name>new_read</name>
         <value>0x677</value>
         <object_component_ref idref="oc-79"/>
      </symbol>
      <symbol id="sm-229">
         <name>uartConfig_image</name>
         <value>0x1a18</value>
         <object_component_ref idref="oc-d7"/>
      </symbol>
      <symbol id="sm-2c4">
         <name>CS_startLFXT</name>
         <value>0x1981</value>
         <object_component_ref idref="oc-103"/>
      </symbol>
      <symbol id="sm-2c5">
         <name>CS_clearInterruptFlag</name>
         <value>0x1835</value>
         <object_component_ref idref="oc-1e1"/>
      </symbol>
      <symbol id="sm-2c6">
         <name>CS_getDCOFrequency</name>
         <value>0x10e1</value>
         <object_component_ref idref="oc-1db"/>
      </symbol>
      <symbol id="sm-2c7">
         <name>CS_getSMCLK</name>
         <value>0x18bd</value>
         <object_component_ref idref="oc-ea"/>
      </symbol>
      <symbol id="sm-2c8">
         <name>CS_setDCOCenteredFrequency</name>
         <value>0x1859</value>
         <object_component_ref idref="oc-ca"/>
      </symbol>
      <symbol id="sm-2c9">
         <name>CS_startLFXTWithTimeout</name>
         <value>0x11e5</value>
         <object_component_ref idref="oc-17e"/>
      </symbol>
      <symbol id="sm-307">
         <name>GPIO_setAsOutputPin</name>
         <value>0x187d</value>
         <object_component_ref idref="oc-191"/>
      </symbol>
      <symbol id="sm-308">
         <name>GPIO_setOutputLowOnPin</name>
         <value>0x18d5</value>
         <object_component_ref idref="oc-18b"/>
      </symbol>
      <symbol id="sm-309">
         <name>GPIO_setAsPeripheralModuleFunctionOutputPin</name>
         <value>0x1691</value>
         <object_component_ref idref="oc-f0"/>
      </symbol>
      <symbol id="sm-30a">
         <name>GPIO_setAsPeripheralModuleFunctionInputPin</name>
         <value>0x1775</value>
         <object_component_ref idref="oc-185"/>
      </symbol>
      <symbol id="sm-342">
         <name>EUSCI_B_SPI_enable</name>
         <value>0x1967</value>
         <object_component_ref idref="oc-20c"/>
      </symbol>
      <symbol id="sm-343">
         <name>SPI_enableModule</name>
         <value>0x18a1</value>
         <object_component_ref idref="oc-19d"/>
      </symbol>
      <symbol id="sm-344">
         <name>EUSCI_A_SPI_enable</name>
         <value>0x195b</value>
         <object_component_ref idref="oc-212"/>
      </symbol>
      <symbol id="sm-345">
         <name>SPI_initMaster</name>
         <value>0x13b9</value>
         <object_component_ref idref="oc-197"/>
      </symbol>
      <symbol id="sm-378">
         <name>SysCtl_getNMISourceStatus</name>
         <value>0x1975</value>
         <object_component_ref idref="oc-1ee"/>
      </symbol>
      <symbol id="sm-379">
         <name>SysCtl_enableNMISource</name>
         <value>0x193d</value>
         <object_component_ref idref="oc-1fa"/>
      </symbol>
      <symbol id="sm-37a">
         <name>SysCtl_disableNMISource</name>
         <value>0x192d</value>
         <object_component_ref idref="oc-1f4"/>
      </symbol>
      <symbol id="sm-37b">
         <name>SysCtl_getTLVInfo</name>
         <value>0x1641</value>
         <object_component_ref idref="oc-229"/>
      </symbol>
      <symbol id="sm-38d">
         <name>_c_int00</name>
         <value>0x1599</value>
         <object_component_ref idref="oc-22"/>
      </symbol>
      <symbol id="sm-38e">
         <name>__stack</name>
         <value>0x2000fe00</value>
         <object_component_ref idref="oc-2b"/>
      </symbol>
      <symbol id="sm-3a5">
         <name>__TI_decompress_none</name>
         <value>0x194d</value>
         <object_component_ref idref="oc-10"/>
      </symbol>
      <symbol id="sm-3c8">
         <name>__TI_decompress_rle24</name>
         <value>0x1987</value>
         <object_component_ref idref="oc-16"/>
      </symbol>
      <symbol id="sm-3ea">
         <name>C$$EXIT</name>
         <value>0x15ed</value>
         <object_component_ref idref="oc-69"/>
      </symbol>
      <symbol id="sm-3eb">
         <name>abort</name>
         <value>0x15f1</value>
         <object_component_ref idref="oc-69"/>
      </symbol>
      <symbol id="sm-3ec">
         <name>exit</name>
         <value>0x15f9</value>
         <object_component_ref idref="oc-69"/>
      </symbol>
      <symbol id="sm-3ed">
         <name>__TI_dtors_ptr</name>
         <value>0x2000f074</value>
         <object_component_ref idref="oc-b8"/>
      </symbol>
      <symbol id="sm-3ee">
         <name>__TI_cleanup_ptr</name>
         <value>0x2000f070</value>
         <object_component_ref idref="oc-b8"/>
      </symbol>
      <symbol id="sm-3ef">
         <name>__TI_enable_exit_profile_output</name>
         <value>0x2000f078</value>
         <object_component_ref idref="oc-b8"/>
      </symbol>
      <symbol id="sm-40a">
         <name>memcpy</name>
         <value>0x131d</value>
         <object_component_ref idref="oc-2c"/>
      </symbol>
      <symbol id="sm-40b">
         <name>__aeabi_memcpy</name>
         <value>0x131d</value>
         <object_component_ref idref="oc-2c"/>
      </symbol>
      <symbol id="sm-40c">
         <name>__aeabi_memcpy8</name>
         <value>0x131d</value>
         <object_component_ref idref="oc-2c"/>
      </symbol>
      <symbol id="sm-40d">
         <name>__aeabi_memcpy4</name>
         <value>0x131d</value>
         <object_component_ref idref="oc-2c"/>
      </symbol>
      <symbol id="sm-41c">
         <name>__aeabi_memset</name>
         <value>0x1443</value>
         <object_component_ref idref="oc-45"/>
      </symbol>
      <symbol id="sm-41d">
         <name>memset</name>
         <value>0x1449</value>
         <object_component_ref idref="oc-45"/>
      </symbol>
      <symbol id="sm-41e">
         <name>__aeabi_memset8</name>
         <value>0x1443</value>
         <object_component_ref idref="oc-45"/>
      </symbol>
      <symbol id="sm-41f">
         <name>__aeabi_memset4</name>
         <value>0x1443</value>
         <object_component_ref idref="oc-45"/>
      </symbol>
      <symbol id="sm-420">
         <name>__aeabi_memclr8</name>
         <value>0x1441</value>
         <object_component_ref idref="oc-45"/>
      </symbol>
      <symbol id="sm-421">
         <name>__aeabi_memclr4</name>
         <value>0x1441</value>
         <object_component_ref idref="oc-45"/>
      </symbol>
      <symbol id="sm-422">
         <name>__aeabi_memclr</name>
         <value>0x1441</value>
         <object_component_ref idref="oc-45"/>
      </symbol>
      <symbol id="sm-42c">
         <name>__mpu_init</name>
         <value>0x14bb</value>
         <object_component_ref idref="oc-51"/>
      </symbol>
      <symbol id="sm-436">
         <name>_system_pre_init</name>
         <value>0x198d</value>
         <object_component_ref idref="oc-57"/>
      </symbol>
      <symbol id="sm-43e">
         <name>main_func_sp</name>
         <value>0x2000f084</value>
         <object_component_ref idref="oc-6f"/>
      </symbol>
      <symbol id="sm-457">
         <name>_nop</name>
         <value>0x1913</value>
         <object_component_ref idref="oc-13a"/>
      </symbol>
      <symbol id="sm-458">
         <name>_lock</name>
         <value>0x2000f07c</value>
         <object_component_ref idref="oc-bb"/>
      </symbol>
      <symbol id="sm-459">
         <name>_unlock</name>
         <value>0x2000f080</value>
         <object_component_ref idref="oc-bb"/>
      </symbol>
      <symbol id="sm-45a">
         <name>_register_lock</name>
         <value>0x190b</value>
         <object_component_ref idref="oc-13a"/>
      </symbol>
      <symbol id="sm-45b">
         <name>_register_unlock</name>
         <value>0x1905</value>
         <object_component_ref idref="oc-13a"/>
      </symbol>
      <symbol id="sm-46f">
         <name>_args_main</name>
         <value>0x18ed</value>
         <object_component_ref idref="oc-63"/>
      </symbol>
      <symbol id="sm-494">
         <name>__TI_auto_init</name>
         <value>0x14bd</value>
         <object_component_ref idref="oc-5d"/>
      </symbol>
      <symbol id="sm-4ae">
         <name>copy_in</name>
         <value>0x1729</value>
         <object_component_ref idref="oc-a8"/>
      </symbol>
      <symbol id="sm-4b8">
         <name>_system_post_cinit</name>
         <value>0x1597</value>
         <object_component_ref idref="oc-ae"/>
      </symbol>
      <symbol id="sm-4b9">
         <name>__TI_static_base__</name>
         <value>0x0</value>
      </symbol>
      <symbol id="sm-4bc">
         <name>SHT$$INIT_ARRAY$$Limit</name>
         <value>0x0</value>
      </symbol>
      <symbol id="sm-4bd">
         <name>SHT$$INIT_ARRAY$$Base</name>
         <value>0x0</value>
      </symbol>
   </symbol_table>
   <title>Link successful</title>
</link_info>
